// Jest Snapshot v1, https://goo.gl/fbAQLP

exports[`render 1`] = `
<DocumentFragment>
  <h1>
    Loading...
  </h1>
</DocumentFragment>
`;

exports[`render with no calendly 1`] = `
<DocumentFragment>
  <div
    class="App"
  >
    <div
      class="MuiGrid-root MuiGrid-container MuiGrid-direction-xs-column card-calendar-container css-1vpwcmr-MuiGrid-root"
    >
      <h1
        style="text-align: center;"
      >
        New Tour Booking
      </h1>
      <br />
      <div
        class="MuiGrid-root MuiGrid-container css-1nohmkg-MuiGrid-root"
      >
        <div
          class="MuiGrid-root MuiGrid-item css-13i4rnv-MuiGrid-root"
        >
          <div
            class="MuiGrid-root MuiGrid-container MuiGrid-direction-xs-column scout-card-grid-container css-t0zib5-MuiGrid-root"
          >
            <div
              class="MuiGrid-root MuiGrid-item scout-grid-item css-13i4rnv-MuiGrid-root"
            >
              <a
                href="/browse/abokade@ucsd.edu"
              >
                <div
                  style="background: rgb(217, 217, 217); display: flex; flex-direction: column; align-items: center; padding: 1em 2em; width: 30em; margin: 1em 0em; border-radius: 1em; box-shadow: 0.5em 0.5em 2em -1em black;"
                >
                  <div
                    style="width: 90%; text-align: center; padding: 1em; background: rgb(255, 255, 255); border-radius: 1em; box-shadow: 0.5em 0.5em 2em -1em black; margin: 1em 0px;"
                  >
                    <img
                      alt="userImage"
                      class="user-avatar"
                      src="user.png"
                    />
                  </div>
                  <div
                    style="width: 90%; text-align: center; padding: 0.5em; border-radius: 1em; margin: 1em 0px; background: rgba(2, 62, 138, 0.718);"
                  >
                    <span
                      aria-label="5 Stars"
                      class="MuiRating-root MuiRating-sizeMedium Mui-readOnly MuiRating-readOnly css-ryrseu-MuiRating-root"
                      role="img"
                      style="font-size: 3em; display: flex; justify-content: center;"
                    >
                      <span
                        class="MuiRating-decimal css-34he1w-MuiRating-decimal"
                      >
                        <span
                          style="width: 0%; overflow: hidden; position: absolute;"
                        >
                          <span
                            class="MuiRating-icon MuiRating-iconFilled css-7qmtgc-MuiRating-icon"
                          >
                            <svg
                              aria-hidden="true"
                              class="MuiSvgIcon-root MuiSvgIcon-fontSizeInherit css-1vooibu-MuiSvgIcon-root"
                              data-testid="StarIcon"
                              focusable="false"
                              viewBox="0 0 24 24"
                            >
                              <path
                                d="M12 17.27L18.18 21l-1.64-7.03L22 9.24l-7.19-.61L12 2 9.19 8.63 2 9.24l5.46 4.73L5.82 21z"
                              />
                            </svg>
                          </span>
                        </span>
                        <span
                          style="width: 0%; overflow: hidden; position: absolute;"
                        >
                          <span
                            class="MuiRating-icon MuiRating-iconFilled css-7qmtgc-MuiRating-icon"
                          >
                            <svg
                              aria-hidden="true"
                              class="MuiSvgIcon-root MuiSvgIcon-fontSizeInherit css-1vooibu-MuiSvgIcon-root"
                              data-testid="StarIcon"
                              focusable="false"
                              viewBox="0 0 24 24"
                            >
                              <path
                                d="M12 17.27L18.18 21l-1.64-7.03L22 9.24l-7.19-.61L12 2 9.19 8.63 2 9.24l5.46 4.73L5.82 21z"
                              />
                            </svg>
                          </span>
                        </span>
                        <span
                          style="width: 0%; overflow: hidden; position: absolute;"
                        >
                          <span
                            class="MuiRating-icon MuiRating-iconFilled css-7qmtgc-MuiRating-icon"
                          >
                            <svg
                              aria-hidden="true"
                              class="MuiSvgIcon-root MuiSvgIcon-fontSizeInherit css-1vooibu-MuiSvgIcon-root"
                              data-testid="StarIcon"
                              focusable="false"
                              viewBox="0 0 24 24"
                            >
                              <path
                                d="M12 17.27L18.18 21l-1.64-7.03L22 9.24l-7.19-.61L12 2 9.19 8.63 2 9.24l5.46 4.73L5.82 21z"
                              />
                            </svg>
                          </span>
                        </span>
                        <span
                          style="width: 0%; overflow: hidden; position: absolute;"
                        >
                          <span
                            class="MuiRating-icon MuiRating-iconFilled css-7qmtgc-MuiRating-icon"
                          >
                            <svg
                              aria-hidden="true"
                              class="MuiSvgIcon-root MuiSvgIcon-fontSizeInherit css-1vooibu-MuiSvgIcon-root"
                              data-testid="StarIcon"
                              focusable="false"
                              viewBox="0 0 24 24"
                            >
                              <path
                                d="M12 17.27L18.18 21l-1.64-7.03L22 9.24l-7.19-.61L12 2 9.19 8.63 2 9.24l5.46 4.73L5.82 21z"
                              />
                            </svg>
                          </span>
                        </span>
                        <span
                          style="width: 0%; overflow: hidden; position: absolute;"
                        >
                          <span
                            class="MuiRating-icon MuiRating-iconFilled css-7qmtgc-MuiRating-icon"
                          >
                            <svg
                              aria-hidden="true"
                              class="MuiSvgIcon-root MuiSvgIcon-fontSizeInherit css-1vooibu-MuiSvgIcon-root"
                              data-testid="StarIcon"
                              focusable="false"
                              viewBox="0 0 24 24"
                            >
                              <path
                                d="M12 17.27L18.18 21l-1.64-7.03L22 9.24l-7.19-.61L12 2 9.19 8.63 2 9.24l5.46 4.73L5.82 21z"
                              />
                            </svg>
                          </span>
                        </span>
                        <span
                          style="width: 0%; overflow: hidden; position: absolute;"
                        >
                          <span
                            class="MuiRating-icon MuiRating-iconFilled css-7qmtgc-MuiRating-icon"
                          >
                            <svg
                              aria-hidden="true"
                              class="MuiSvgIcon-root MuiSvgIcon-fontSizeInherit css-1vooibu-MuiSvgIcon-root"
                              data-testid="StarIcon"
                              focusable="false"
                              viewBox="0 0 24 24"
                            >
                              <path
                                d="M12 17.27L18.18 21l-1.64-7.03L22 9.24l-7.19-.61L12 2 9.19 8.63 2 9.24l5.46 4.73L5.82 21z"
                              />
                            </svg>
                          </span>
                        </span>
                        <span
                          style="width: 0%; overflow: hidden; position: absolute;"
                        >
                          <span
                            class="MuiRating-icon MuiRating-iconFilled css-7qmtgc-MuiRating-icon"
                          >
                            <svg
                              aria-hidden="true"
                              class="MuiSvgIcon-root MuiSvgIcon-fontSizeInherit css-1vooibu-MuiSvgIcon-root"
                              data-testid="StarIcon"
                              focusable="false"
                              viewBox="0 0 24 24"
                            >
                              <path
                                d="M12 17.27L18.18 21l-1.64-7.03L22 9.24l-7.19-.61L12 2 9.19 8.63 2 9.24l5.46 4.73L5.82 21z"
                              />
                            </svg>
                          </span>
                        </span>
                        <span
                          style="width: 0%; overflow: hidden; position: absolute;"
                        >
                          <span
                            class="MuiRating-icon MuiRating-iconFilled css-7qmtgc-MuiRating-icon"
                          >
                            <svg
                              aria-hidden="true"
                              class="MuiSvgIcon-root MuiSvgIcon-fontSizeInherit css-1vooibu-MuiSvgIcon-root"
                              data-testid="StarIcon"
                              focusable="false"
                              viewBox="0 0 24 24"
                            >
                              <path
                                d="M12 17.27L18.18 21l-1.64-7.03L22 9.24l-7.19-.61L12 2 9.19 8.63 2 9.24l5.46 4.73L5.82 21z"
                              />
                            </svg>
                          </span>
                        </span>
                        <span
                          style="width: 0%; overflow: hidden; position: absolute;"
                        >
                          <span
                            class="MuiRating-icon MuiRating-iconFilled css-7qmtgc-MuiRating-icon"
                          >
                            <svg
                              aria-hidden="true"
                              class="MuiSvgIcon-root MuiSvgIcon-fontSizeInherit css-1vooibu-MuiSvgIcon-root"
                              data-testid="StarIcon"
                              focusable="false"
                              viewBox="0 0 24 24"
                            >
                              <path
                                d="M12 17.27L18.18 21l-1.64-7.03L22 9.24l-7.19-.61L12 2 9.19 8.63 2 9.24l5.46 4.73L5.82 21z"
                              />
                            </svg>
                          </span>
                        </span>
                        <span>
                          <span
                            class="MuiRating-icon MuiRating-iconFilled css-7qmtgc-MuiRating-icon"
                          >
                            <svg
                              aria-hidden="true"
                              class="MuiSvgIcon-root MuiSvgIcon-fontSizeInherit css-1vooibu-MuiSvgIcon-root"
                              data-testid="StarIcon"
                              focusable="false"
                              viewBox="0 0 24 24"
                            >
                              <path
                                d="M12 17.27L18.18 21l-1.64-7.03L22 9.24l-7.19-.61L12 2 9.19 8.63 2 9.24l5.46 4.73L5.82 21z"
                              />
                            </svg>
                          </span>
                        </span>
                      </span>
                      <span
                        class="MuiRating-decimal css-34he1w-MuiRating-decimal"
                      >
                        <span
                          style="width: 0%; overflow: hidden; position: absolute;"
                        >
                          <span
                            class="MuiRating-icon MuiRating-iconFilled css-7qmtgc-MuiRating-icon"
                          >
                            <svg
                              aria-hidden="true"
                              class="MuiSvgIcon-root MuiSvgIcon-fontSizeInherit css-1vooibu-MuiSvgIcon-root"
                              data-testid="StarIcon"
                              focusable="false"
                              viewBox="0 0 24 24"
                            >
                              <path
                                d="M12 17.27L18.18 21l-1.64-7.03L22 9.24l-7.19-.61L12 2 9.19 8.63 2 9.24l5.46 4.73L5.82 21z"
                              />
                            </svg>
                          </span>
                        </span>
                        <span
                          style="width: 0%; overflow: hidden; position: absolute;"
                        >
                          <span
                            class="MuiRating-icon MuiRating-iconFilled css-7qmtgc-MuiRating-icon"
                          >
                            <svg
                              aria-hidden="true"
                              class="MuiSvgIcon-root MuiSvgIcon-fontSizeInherit css-1vooibu-MuiSvgIcon-root"
                              data-testid="StarIcon"
                              focusable="false"
                              viewBox="0 0 24 24"
                            >
                              <path
                                d="M12 17.27L18.18 21l-1.64-7.03L22 9.24l-7.19-.61L12 2 9.19 8.63 2 9.24l5.46 4.73L5.82 21z"
                              />
                            </svg>
                          </span>
                        </span>
                        <span
                          style="width: 0%; overflow: hidden; position: absolute;"
                        >
                          <span
                            class="MuiRating-icon MuiRating-iconFilled css-7qmtgc-MuiRating-icon"
                          >
                            <svg
                              aria-hidden="true"
                              class="MuiSvgIcon-root MuiSvgIcon-fontSizeInherit css-1vooibu-MuiSvgIcon-root"
                              data-testid="StarIcon"
                              focusable="false"
                              viewBox="0 0 24 24"
                            >
                              <path
                                d="M12 17.27L18.18 21l-1.64-7.03L22 9.24l-7.19-.61L12 2 9.19 8.63 2 9.24l5.46 4.73L5.82 21z"
                              />
                            </svg>
                          </span>
                        </span>
                        <span
                          style="width: 0%; overflow: hidden; position: absolute;"
                        >
                          <span
                            class="MuiRating-icon MuiRating-iconFilled css-7qmtgc-MuiRating-icon"
                          >
                            <svg
                              aria-hidden="true"
                              class="MuiSvgIcon-root MuiSvgIcon-fontSizeInherit css-1vooibu-MuiSvgIcon-root"
                              data-testid="StarIcon"
                              focusable="false"
                              viewBox="0 0 24 24"
                            >
                              <path
                                d="M12 17.27L18.18 21l-1.64-7.03L22 9.24l-7.19-.61L12 2 9.19 8.63 2 9.24l5.46 4.73L5.82 21z"
                              />
                            </svg>
                          </span>
                        </span>
                        <span
                          style="width: 0%; overflow: hidden; position: absolute;"
                        >
                          <span
                            class="MuiRating-icon MuiRating-iconFilled css-7qmtgc-MuiRating-icon"
                          >
                            <svg
                              aria-hidden="true"
                              class="MuiSvgIcon-root MuiSvgIcon-fontSizeInherit css-1vooibu-MuiSvgIcon-root"
                              data-testid="StarIcon"
                              focusable="false"
                              viewBox="0 0 24 24"
                            >
                              <path
                                d="M12 17.27L18.18 21l-1.64-7.03L22 9.24l-7.19-.61L12 2 9.19 8.63 2 9.24l5.46 4.73L5.82 21z"
                              />
                            </svg>
                          </span>
                        </span>
                        <span
                          style="width: 0%; overflow: hidden; position: absolute;"
                        >
                          <span
                            class="MuiRating-icon MuiRating-iconFilled css-7qmtgc-MuiRating-icon"
                          >
                            <svg
                              aria-hidden="true"
                              class="MuiSvgIcon-root MuiSvgIcon-fontSizeInherit css-1vooibu-MuiSvgIcon-root"
                              data-testid="StarIcon"
                              focusable="false"
                              viewBox="0 0 24 24"
                            >
                              <path
                                d="M12 17.27L18.18 21l-1.64-7.03L22 9.24l-7.19-.61L12 2 9.19 8.63 2 9.24l5.46 4.73L5.82 21z"
                              />
                            </svg>
                          </span>
                        </span>
                        <span
                          style="width: 0%; overflow: hidden; position: absolute;"
                        >
                          <span
                            class="MuiRating-icon MuiRating-iconFilled css-7qmtgc-MuiRating-icon"
                          >
                            <svg
                              aria-hidden="true"
                              class="MuiSvgIcon-root MuiSvgIcon-fontSizeInherit css-1vooibu-MuiSvgIcon-root"
                              data-testid="StarIcon"
                              focusable="false"
                              viewBox="0 0 24 24"
                            >
                              <path
                                d="M12 17.27L18.18 21l-1.64-7.03L22 9.24l-7.19-.61L12 2 9.19 8.63 2 9.24l5.46 4.73L5.82 21z"
                              />
                            </svg>
                          </span>
                        </span>
                        <span
                          style="width: 0%; overflow: hidden; position: absolute;"
                        >
                          <span
                            class="MuiRating-icon MuiRating-iconFilled css-7qmtgc-MuiRating-icon"
                          >
                            <svg
                              aria-hidden="true"
                              class="MuiSvgIcon-root MuiSvgIcon-fontSizeInherit css-1vooibu-MuiSvgIcon-root"
                              data-testid="StarIcon"
                              focusable="false"
                              viewBox="0 0 24 24"
                            >
                              <path
                                d="M12 17.27L18.18 21l-1.64-7.03L22 9.24l-7.19-.61L12 2 9.19 8.63 2 9.24l5.46 4.73L5.82 21z"
                              />
                            </svg>
                          </span>
                        </span>
                        <span
                          style="width: 0%; overflow: hidden; position: absolute;"
                        >
                          <span
                            class="MuiRating-icon MuiRating-iconFilled css-7qmtgc-MuiRating-icon"
                          >
                            <svg
                              aria-hidden="true"
                              class="MuiSvgIcon-root MuiSvgIcon-fontSizeInherit css-1vooibu-MuiSvgIcon-root"
                              data-testid="StarIcon"
                              focusable="false"
                              viewBox="0 0 24 24"
                            >
                              <path
                                d="M12 17.27L18.18 21l-1.64-7.03L22 9.24l-7.19-.61L12 2 9.19 8.63 2 9.24l5.46 4.73L5.82 21z"
                              />
                            </svg>
                          </span>
                        </span>
                        <span>
                          <span
                            class="MuiRating-icon MuiRating-iconFilled css-7qmtgc-MuiRating-icon"
                          >
                            <svg
                              aria-hidden="true"
                              class="MuiSvgIcon-root MuiSvgIcon-fontSizeInherit css-1vooibu-MuiSvgIcon-root"
                              data-testid="StarIcon"
                              focusable="false"
                              viewBox="0 0 24 24"
                            >
                              <path
                                d="M12 17.27L18.18 21l-1.64-7.03L22 9.24l-7.19-.61L12 2 9.19 8.63 2 9.24l5.46 4.73L5.82 21z"
                              />
                            </svg>
                          </span>
                        </span>
                      </span>
                      <span
                        class="MuiRating-decimal css-34he1w-MuiRating-decimal"
                      >
                        <span
                          style="width: 0%; overflow: hidden; position: absolute;"
                        >
                          <span
                            class="MuiRating-icon MuiRating-iconFilled css-7qmtgc-MuiRating-icon"
                          >
                            <svg
                              aria-hidden="true"
                              class="MuiSvgIcon-root MuiSvgIcon-fontSizeInherit css-1vooibu-MuiSvgIcon-root"
                              data-testid="StarIcon"
                              focusable="false"
                              viewBox="0 0 24 24"
                            >
                              <path
                                d="M12 17.27L18.18 21l-1.64-7.03L22 9.24l-7.19-.61L12 2 9.19 8.63 2 9.24l5.46 4.73L5.82 21z"
                              />
                            </svg>
                          </span>
                        </span>
                        <span
                          style="width: 0%; overflow: hidden; position: absolute;"
                        >
                          <span
                            class="MuiRating-icon MuiRating-iconFilled css-7qmtgc-MuiRating-icon"
                          >
                            <svg
                              aria-hidden="true"
                              class="MuiSvgIcon-root MuiSvgIcon-fontSizeInherit css-1vooibu-MuiSvgIcon-root"
                              data-testid="StarIcon"
                              focusable="false"
                              viewBox="0 0 24 24"
                            >
                              <path
                                d="M12 17.27L18.18 21l-1.64-7.03L22 9.24l-7.19-.61L12 2 9.19 8.63 2 9.24l5.46 4.73L5.82 21z"
                              />
                            </svg>
                          </span>
                        </span>
                        <span
                          style="width: 0%; overflow: hidden; position: absolute;"
                        >
                          <span
                            class="MuiRating-icon MuiRating-iconFilled css-7qmtgc-MuiRating-icon"
                          >
                            <svg
                              aria-hidden="true"
                              class="MuiSvgIcon-root MuiSvgIcon-fontSizeInherit css-1vooibu-MuiSvgIcon-root"
                              data-testid="StarIcon"
                              focusable="false"
                              viewBox="0 0 24 24"
                            >
                              <path
                                d="M12 17.27L18.18 21l-1.64-7.03L22 9.24l-7.19-.61L12 2 9.19 8.63 2 9.24l5.46 4.73L5.82 21z"
                              />
                            </svg>
                          </span>
                        </span>
                        <span
                          style="width: 0%; overflow: hidden; position: absolute;"
                        >
                          <span
                            class="MuiRating-icon MuiRating-iconFilled css-7qmtgc-MuiRating-icon"
                          >
                            <svg
                              aria-hidden="true"
                              class="MuiSvgIcon-root MuiSvgIcon-fontSizeInherit css-1vooibu-MuiSvgIcon-root"
                              data-testid="StarIcon"
                              focusable="false"
                              viewBox="0 0 24 24"
                            >
                              <path
                                d="M12 17.27L18.18 21l-1.64-7.03L22 9.24l-7.19-.61L12 2 9.19 8.63 2 9.24l5.46 4.73L5.82 21z"
                              />
                            </svg>
                          </span>
                        </span>
                        <span
                          style="width: 0%; overflow: hidden; position: absolute;"
                        >
                          <span
                            class="MuiRating-icon MuiRating-iconFilled css-7qmtgc-MuiRating-icon"
                          >
                            <svg
                              aria-hidden="true"
                              class="MuiSvgIcon-root MuiSvgIcon-fontSizeInherit css-1vooibu-MuiSvgIcon-root"
                              data-testid="StarIcon"
                              focusable="false"
                              viewBox="0 0 24 24"
                            >
                              <path
                                d="M12 17.27L18.18 21l-1.64-7.03L22 9.24l-7.19-.61L12 2 9.19 8.63 2 9.24l5.46 4.73L5.82 21z"
                              />
                            </svg>
                          </span>
                        </span>
                        <span
                          style="width: 0%; overflow: hidden; position: absolute;"
                        >
                          <span
                            class="MuiRating-icon MuiRating-iconFilled css-7qmtgc-MuiRating-icon"
                          >
                            <svg
                              aria-hidden="true"
                              class="MuiSvgIcon-root MuiSvgIcon-fontSizeInherit css-1vooibu-MuiSvgIcon-root"
                              data-testid="StarIcon"
                              focusable="false"
                              viewBox="0 0 24 24"
                            >
                              <path
                                d="M12 17.27L18.18 21l-1.64-7.03L22 9.24l-7.19-.61L12 2 9.19 8.63 2 9.24l5.46 4.73L5.82 21z"
                              />
                            </svg>
                          </span>
                        </span>
                        <span
                          style="width: 0%; overflow: hidden; position: absolute;"
                        >
                          <span
                            class="MuiRating-icon MuiRating-iconFilled css-7qmtgc-MuiRating-icon"
                          >
                            <svg
                              aria-hidden="true"
                              class="MuiSvgIcon-root MuiSvgIcon-fontSizeInherit css-1vooibu-MuiSvgIcon-root"
                              data-testid="StarIcon"
                              focusable="false"
                              viewBox="0 0 24 24"
                            >
                              <path
                                d="M12 17.27L18.18 21l-1.64-7.03L22 9.24l-7.19-.61L12 2 9.19 8.63 2 9.24l5.46 4.73L5.82 21z"
                              />
                            </svg>
                          </span>
                        </span>
                        <span
                          style="width: 0%; overflow: hidden; position: absolute;"
                        >
                          <span
                            class="MuiRating-icon MuiRating-iconFilled css-7qmtgc-MuiRating-icon"
                          >
                            <svg
                              aria-hidden="true"
                              class="MuiSvgIcon-root MuiSvgIcon-fontSizeInherit css-1vooibu-MuiSvgIcon-root"
                              data-testid="StarIcon"
                              focusable="false"
                              viewBox="0 0 24 24"
                            >
                              <path
                                d="M12 17.27L18.18 21l-1.64-7.03L22 9.24l-7.19-.61L12 2 9.19 8.63 2 9.24l5.46 4.73L5.82 21z"
                              />
                            </svg>
                          </span>
                        </span>
                        <span
                          style="width: 0%; overflow: hidden; position: absolute;"
                        >
                          <span
                            class="MuiRating-icon MuiRating-iconFilled css-7qmtgc-MuiRating-icon"
                          >
                            <svg
                              aria-hidden="true"
                              class="MuiSvgIcon-root MuiSvgIcon-fontSizeInherit css-1vooibu-MuiSvgIcon-root"
                              data-testid="StarIcon"
                              focusable="false"
                              viewBox="0 0 24 24"
                            >
                              <path
                                d="M12 17.27L18.18 21l-1.64-7.03L22 9.24l-7.19-.61L12 2 9.19 8.63 2 9.24l5.46 4.73L5.82 21z"
                              />
                            </svg>
                          </span>
                        </span>
                        <span>
                          <span
                            class="MuiRating-icon MuiRating-iconFilled css-7qmtgc-MuiRating-icon"
                          >
                            <svg
                              aria-hidden="true"
                              class="MuiSvgIcon-root MuiSvgIcon-fontSizeInherit css-1vooibu-MuiSvgIcon-root"
                              data-testid="StarIcon"
                              focusable="false"
                              viewBox="0 0 24 24"
                            >
                              <path
                                d="M12 17.27L18.18 21l-1.64-7.03L22 9.24l-7.19-.61L12 2 9.19 8.63 2 9.24l5.46 4.73L5.82 21z"
                              />
                            </svg>
                          </span>
                        </span>
                      </span>
                      <span
                        class="MuiRating-decimal css-34he1w-MuiRating-decimal"
                      >
                        <span
                          style="width: 0%; overflow: hidden; position: absolute;"
                        >
                          <span
                            class="MuiRating-icon MuiRating-iconFilled css-7qmtgc-MuiRating-icon"
                          >
                            <svg
                              aria-hidden="true"
                              class="MuiSvgIcon-root MuiSvgIcon-fontSizeInherit css-1vooibu-MuiSvgIcon-root"
                              data-testid="StarIcon"
                              focusable="false"
                              viewBox="0 0 24 24"
                            >
                              <path
                                d="M12 17.27L18.18 21l-1.64-7.03L22 9.24l-7.19-.61L12 2 9.19 8.63 2 9.24l5.46 4.73L5.82 21z"
                              />
                            </svg>
                          </span>
                        </span>
                        <span
                          style="width: 0%; overflow: hidden; position: absolute;"
                        >
                          <span
                            class="MuiRating-icon MuiRating-iconFilled css-7qmtgc-MuiRating-icon"
                          >
                            <svg
                              aria-hidden="true"
                              class="MuiSvgIcon-root MuiSvgIcon-fontSizeInherit css-1vooibu-MuiSvgIcon-root"
                              data-testid="StarIcon"
                              focusable="false"
                              viewBox="0 0 24 24"
                            >
                              <path
                                d="M12 17.27L18.18 21l-1.64-7.03L22 9.24l-7.19-.61L12 2 9.19 8.63 2 9.24l5.46 4.73L5.82 21z"
                              />
                            </svg>
                          </span>
                        </span>
                        <span
                          style="width: 0%; overflow: hidden; position: absolute;"
                        >
                          <span
                            class="MuiRating-icon MuiRating-iconFilled css-7qmtgc-MuiRating-icon"
                          >
                            <svg
                              aria-hidden="true"
                              class="MuiSvgIcon-root MuiSvgIcon-fontSizeInherit css-1vooibu-MuiSvgIcon-root"
                              data-testid="StarIcon"
                              focusable="false"
                              viewBox="0 0 24 24"
                            >
                              <path
                                d="M12 17.27L18.18 21l-1.64-7.03L22 9.24l-7.19-.61L12 2 9.19 8.63 2 9.24l5.46 4.73L5.82 21z"
                              />
                            </svg>
                          </span>
                        </span>
                        <span
                          style="width: 0%; overflow: hidden; position: absolute;"
                        >
                          <span
                            class="MuiRating-icon MuiRating-iconFilled css-7qmtgc-MuiRating-icon"
                          >
                            <svg
                              aria-hidden="true"
                              class="MuiSvgIcon-root MuiSvgIcon-fontSizeInherit css-1vooibu-MuiSvgIcon-root"
                              data-testid="StarIcon"
                              focusable="false"
                              viewBox="0 0 24 24"
                            >
                              <path
                                d="M12 17.27L18.18 21l-1.64-7.03L22 9.24l-7.19-.61L12 2 9.19 8.63 2 9.24l5.46 4.73L5.82 21z"
                              />
                            </svg>
                          </span>
                        </span>
                        <span
                          style="width: 0%; overflow: hidden; position: absolute;"
                        >
                          <span
                            class="MuiRating-icon MuiRating-iconFilled css-7qmtgc-MuiRating-icon"
                          >
                            <svg
                              aria-hidden="true"
                              class="MuiSvgIcon-root MuiSvgIcon-fontSizeInherit css-1vooibu-MuiSvgIcon-root"
                              data-testid="StarIcon"
                              focusable="false"
                              viewBox="0 0 24 24"
                            >
                              <path
                                d="M12 17.27L18.18 21l-1.64-7.03L22 9.24l-7.19-.61L12 2 9.19 8.63 2 9.24l5.46 4.73L5.82 21z"
                              />
                            </svg>
                          </span>
                        </span>
                        <span
                          style="width: 0%; overflow: hidden; position: absolute;"
                        >
                          <span
                            class="MuiRating-icon MuiRating-iconFilled css-7qmtgc-MuiRating-icon"
                          >
                            <svg
                              aria-hidden="true"
                              class="MuiSvgIcon-root MuiSvgIcon-fontSizeInherit css-1vooibu-MuiSvgIcon-root"
                              data-testid="StarIcon"
                              focusable="false"
                              viewBox="0 0 24 24"
                            >
                              <path
                                d="M12 17.27L18.18 21l-1.64-7.03L22 9.24l-7.19-.61L12 2 9.19 8.63 2 9.24l5.46 4.73L5.82 21z"
                              />
                            </svg>
                          </span>
                        </span>
                        <span
                          style="width: 0%; overflow: hidden; position: absolute;"
                        >
                          <span
                            class="MuiRating-icon MuiRating-iconFilled css-7qmtgc-MuiRating-icon"
                          >
                            <svg
                              aria-hidden="true"
                              class="MuiSvgIcon-root MuiSvgIcon-fontSizeInherit css-1vooibu-MuiSvgIcon-root"
                              data-testid="StarIcon"
                              focusable="false"
                              viewBox="0 0 24 24"
                            >
                              <path
                                d="M12 17.27L18.18 21l-1.64-7.03L22 9.24l-7.19-.61L12 2 9.19 8.63 2 9.24l5.46 4.73L5.82 21z"
                              />
                            </svg>
                          </span>
                        </span>
                        <span
                          style="width: 0%; overflow: hidden; position: absolute;"
                        >
                          <span
                            class="MuiRating-icon MuiRating-iconFilled css-7qmtgc-MuiRating-icon"
                          >
                            <svg
                              aria-hidden="true"
                              class="MuiSvgIcon-root MuiSvgIcon-fontSizeInherit css-1vooibu-MuiSvgIcon-root"
                              data-testid="StarIcon"
                              focusable="false"
                              viewBox="0 0 24 24"
                            >
                              <path
                                d="M12 17.27L18.18 21l-1.64-7.03L22 9.24l-7.19-.61L12 2 9.19 8.63 2 9.24l5.46 4.73L5.82 21z"
                              />
                            </svg>
                          </span>
                        </span>
                        <span
                          style="width: 0%; overflow: hidden; position: absolute;"
                        >
                          <span
                            class="MuiRating-icon MuiRating-iconFilled css-7qmtgc-MuiRating-icon"
                          >
                            <svg
                              aria-hidden="true"
                              class="MuiSvgIcon-root MuiSvgIcon-fontSizeInherit css-1vooibu-MuiSvgIcon-root"
                              data-testid="StarIcon"
                              focusable="false"
                              viewBox="0 0 24 24"
                            >
                              <path
                                d="M12 17.27L18.18 21l-1.64-7.03L22 9.24l-7.19-.61L12 2 9.19 8.63 2 9.24l5.46 4.73L5.82 21z"
                              />
                            </svg>
                          </span>
                        </span>
                        <span>
                          <span
                            class="MuiRating-icon MuiRating-iconFilled css-7qmtgc-MuiRating-icon"
                          >
                            <svg
                              aria-hidden="true"
                              class="MuiSvgIcon-root MuiSvgIcon-fontSizeInherit css-1vooibu-MuiSvgIcon-root"
                              data-testid="StarIcon"
                              focusable="false"
                              viewBox="0 0 24 24"
                            >
                              <path
                                d="M12 17.27L18.18 21l-1.64-7.03L22 9.24l-7.19-.61L12 2 9.19 8.63 2 9.24l5.46 4.73L5.82 21z"
                              />
                            </svg>
                          </span>
                        </span>
                      </span>
                      <span
                        class="MuiRating-decimal css-34he1w-MuiRating-decimal"
                      >
                        <span
                          style="width: 0%; overflow: hidden; position: absolute;"
                        >
                          <span
                            class="MuiRating-icon MuiRating-iconFilled css-7qmtgc-MuiRating-icon"
                          >
                            <svg
                              aria-hidden="true"
                              class="MuiSvgIcon-root MuiSvgIcon-fontSizeInherit css-1vooibu-MuiSvgIcon-root"
                              data-testid="StarIcon"
                              focusable="false"
                              viewBox="0 0 24 24"
                            >
                              <path
                                d="M12 17.27L18.18 21l-1.64-7.03L22 9.24l-7.19-.61L12 2 9.19 8.63 2 9.24l5.46 4.73L5.82 21z"
                              />
                            </svg>
                          </span>
                        </span>
                        <span
                          style="width: 0%; overflow: hidden; position: absolute;"
                        >
                          <span
                            class="MuiRating-icon MuiRating-iconFilled css-7qmtgc-MuiRating-icon"
                          >
                            <svg
                              aria-hidden="true"
                              class="MuiSvgIcon-root MuiSvgIcon-fontSizeInherit css-1vooibu-MuiSvgIcon-root"
                              data-testid="StarIcon"
                              focusable="false"
                              viewBox="0 0 24 24"
                            >
                              <path
                                d="M12 17.27L18.18 21l-1.64-7.03L22 9.24l-7.19-.61L12 2 9.19 8.63 2 9.24l5.46 4.73L5.82 21z"
                              />
                            </svg>
                          </span>
                        </span>
                        <span
                          style="width: 0%; overflow: hidden; position: absolute;"
                        >
                          <span
                            class="MuiRating-icon MuiRating-iconFilled css-7qmtgc-MuiRating-icon"
                          >
                            <svg
                              aria-hidden="true"
                              class="MuiSvgIcon-root MuiSvgIcon-fontSizeInherit css-1vooibu-MuiSvgIcon-root"
                              data-testid="StarIcon"
                              focusable="false"
                              viewBox="0 0 24 24"
                            >
                              <path
                                d="M12 17.27L18.18 21l-1.64-7.03L22 9.24l-7.19-.61L12 2 9.19 8.63 2 9.24l5.46 4.73L5.82 21z"
                              />
                            </svg>
                          </span>
                        </span>
                        <span
                          style="width: 0%; overflow: hidden; position: absolute;"
                        >
                          <span
                            class="MuiRating-icon MuiRating-iconFilled css-7qmtgc-MuiRating-icon"
                          >
                            <svg
                              aria-hidden="true"
                              class="MuiSvgIcon-root MuiSvgIcon-fontSizeInherit css-1vooibu-MuiSvgIcon-root"
                              data-testid="StarIcon"
                              focusable="false"
                              viewBox="0 0 24 24"
                            >
                              <path
                                d="M12 17.27L18.18 21l-1.64-7.03L22 9.24l-7.19-.61L12 2 9.19 8.63 2 9.24l5.46 4.73L5.82 21z"
                              />
                            </svg>
                          </span>
                        </span>
                        <span
                          style="width: 0%; overflow: hidden; position: absolute;"
                        >
                          <span
                            class="MuiRating-icon MuiRating-iconFilled css-7qmtgc-MuiRating-icon"
                          >
                            <svg
                              aria-hidden="true"
                              class="MuiSvgIcon-root MuiSvgIcon-fontSizeInherit css-1vooibu-MuiSvgIcon-root"
                              data-testid="StarIcon"
                              focusable="false"
                              viewBox="0 0 24 24"
                            >
                              <path
                                d="M12 17.27L18.18 21l-1.64-7.03L22 9.24l-7.19-.61L12 2 9.19 8.63 2 9.24l5.46 4.73L5.82 21z"
                              />
                            </svg>
                          </span>
                        </span>
                        <span
                          style="width: 0%; overflow: hidden; position: absolute;"
                        >
                          <span
                            class="MuiRating-icon MuiRating-iconFilled css-7qmtgc-MuiRating-icon"
                          >
                            <svg
                              aria-hidden="true"
                              class="MuiSvgIcon-root MuiSvgIcon-fontSizeInherit css-1vooibu-MuiSvgIcon-root"
                              data-testid="StarIcon"
                              focusable="false"
                              viewBox="0 0 24 24"
                            >
                              <path
                                d="M12 17.27L18.18 21l-1.64-7.03L22 9.24l-7.19-.61L12 2 9.19 8.63 2 9.24l5.46 4.73L5.82 21z"
                              />
                            </svg>
                          </span>
                        </span>
                        <span
                          style="width: 0%; overflow: hidden; position: absolute;"
                        >
                          <span
                            class="MuiRating-icon MuiRating-iconFilled css-7qmtgc-MuiRating-icon"
                          >
                            <svg
                              aria-hidden="true"
                              class="MuiSvgIcon-root MuiSvgIcon-fontSizeInherit css-1vooibu-MuiSvgIcon-root"
                              data-testid="StarIcon"
                              focusable="false"
                              viewBox="0 0 24 24"
                            >
                              <path
                                d="M12 17.27L18.18 21l-1.64-7.03L22 9.24l-7.19-.61L12 2 9.19 8.63 2 9.24l5.46 4.73L5.82 21z"
                              />
                            </svg>
                          </span>
                        </span>
                        <span
                          style="width: 0%; overflow: hidden; position: absolute;"
                        >
                          <span
                            class="MuiRating-icon MuiRating-iconFilled css-7qmtgc-MuiRating-icon"
                          >
                            <svg
                              aria-hidden="true"
                              class="MuiSvgIcon-root MuiSvgIcon-fontSizeInherit css-1vooibu-MuiSvgIcon-root"
                              data-testid="StarIcon"
                              focusable="false"
                              viewBox="0 0 24 24"
                            >
                              <path
                                d="M12 17.27L18.18 21l-1.64-7.03L22 9.24l-7.19-.61L12 2 9.19 8.63 2 9.24l5.46 4.73L5.82 21z"
                              />
                            </svg>
                          </span>
                        </span>
                        <span
                          style="width: 0%; overflow: hidden; position: absolute;"
                        >
                          <span
                            class="MuiRating-icon MuiRating-iconFilled css-7qmtgc-MuiRating-icon"
                          >
                            <svg
                              aria-hidden="true"
                              class="MuiSvgIcon-root MuiSvgIcon-fontSizeInherit css-1vooibu-MuiSvgIcon-root"
                              data-testid="StarIcon"
                              focusable="false"
                              viewBox="0 0 24 24"
                            >
                              <path
                                d="M12 17.27L18.18 21l-1.64-7.03L22 9.24l-7.19-.61L12 2 9.19 8.63 2 9.24l5.46 4.73L5.82 21z"
                              />
                            </svg>
                          </span>
                        </span>
                        <span>
                          <span
                            class="MuiRating-icon MuiRating-iconFilled css-7qmtgc-MuiRating-icon"
                          >
                            <svg
                              aria-hidden="true"
                              class="MuiSvgIcon-root MuiSvgIcon-fontSizeInherit css-1vooibu-MuiSvgIcon-root"
                              data-testid="StarIcon"
                              focusable="false"
                              viewBox="0 0 24 24"
                            >
                              <path
                                d="M12 17.27L18.18 21l-1.64-7.03L22 9.24l-7.19-.61L12 2 9.19 8.63 2 9.24l5.46 4.73L5.82 21z"
                              />
                            </svg>
                          </span>
                        </span>
                      </span>
                    </span>
                  </div>
                  <div
                    style="display: flex; flex-direction: column; justify-content: center; flex-grow: 1;"
                  >
                    <h1
                      style="font-size: 1.8em;"
                    >
                      Ajinkya Bokade
                    </h1>
                  </div>
                </div>
              </a>
            </div>
          </div>
        </div>
        <h1>
          We're sorry, but this user does not 
          <br />
           support automated tour booking. Try chat!
        </h1>
      </div>
    </div>
  </div>
</DocumentFragment>
`;
